I'm sorry, but errors were detected in your script. Please correct the
errors listed below, and try again.


File "game/script.rpy", line 444: end of line expected.
    mc "yikes sis"s
                  ^

Ren'Py Version: Ren'Py 7.3.2.320
Sun Jul 28 15:42:52 2019
